// Jest Snapshot v1, https://goo.gl/fbAQLP

exports[`snapshot 1`] = `
<View
  style={
    Array [
      Object {
        "borderWidth": 1,
        "flexDirection": "row",
        "flexWrap": "wrap",
        "height": 322,
        "width": 322,
      },
      Object {
        "borderColor": "#b98661",
      },
    ]
  }
>
  <View
    style={
      Array [
        Object {
          "height": 40,
          "width": 40,
        },
        Object {
          "backgroundColor": "#f4d9b7",
        },
      ]
    }
  />
  <View
    style={
      Array [
        Object {
          "height": 40,
          "width": 40,
        },
        Object {
          "backgroundColor": "#b98661",
        },
      ]
    }
  />
  <View
    style={
      Array [
        Object {
          "height": 40,
          "width": 40,
        },
        Object {
          "backgroundColor": "#f4d9b7",
        },
      ]
    }
  />
  <View
    style={
      Array [
        Object {
          "height": 40,
          "width": 40,
        },
        Object {
          "backgroundColor": "#b98661",
        },
      ]
    }
  />
  <View
    style={
      Array [
        Object {
          "height": 40,
          "width": 40,
        },
        Object {
          "backgroundColor": "#f4d9b7",
        },
      ]
    }
  />
  <View
    style={
      Array [
        Object {
          "height": 40,
          "width": 40,
        },
        Object {
          "backgroundColor": "#b98661",
        },
      ]
    }
  />
  <View
    style={
      Array [
        Object {
          "height": 40,
          "width": 40,
        },
        Object {
          "backgroundColor": "#f4d9b7",
        },
      ]
    }
  />
  <View
    style={
      Array [
        Object {
          "height": 40,
          "width": 40,
        },
        Object {
          "backgroundColor": "#b98661",
        },
      ]
    }
  />
  <View
    style={
      Array [
        Object {
          "height": 40,
          "width": 40,
        },
        Object {
          "backgroundColor": "#b98661",
        },
      ]
    }
  />
  <View
    style={
      Array [
        Object {
          "height": 40,
          "width": 40,
        },
        Object {
          "backgroundColor": "#f4d9b7",
        },
      ]
    }
  />
  <View
    style={
      Array [
        Object {
          "height": 40,
          "width": 40,
        },
        Object {
          "backgroundColor": "#b98661",
        },
      ]
    }
  />
  <View
    style={
      Array [
        Object {
          "height": 40,
          "width": 40,
        },
        Object {
          "backgroundColor": "#f4d9b7",
        },
      ]
    }
  />
  <View
    style={
      Array [
        Object {
          "height": 40,
          "width": 40,
        },
        Object {
          "backgroundColor": "#b98661",
        },
      ]
    }
  />
  <View
    style={
      Array [
        Object {
          "height": 40,
          "width": 40,
        },
        Object {
          "backgroundColor": "#f4d9b7",
        },
      ]
    }
  />
  <View
    style={
      Array [
        Object {
          "height": 40,
          "width": 40,
        },
        Object {
          "backgroundColor": "#b98661",
        },
      ]
    }
  />
  <View
    style={
      Array [
        Object {
          "height": 40,
          "width": 40,
        },
        Object {
          "backgroundColor": "#f4d9b7",
        },
      ]
    }
  />
  <View
    style={
      Array [
        Object {
          "height": 40,
          "width": 40,
        },
        Object {
          "backgroundColor": "#f4d9b7",
        },
      ]
    }
  />
  <View
    style={
      Array [
        Object {
          "height": 40,
          "width": 40,
        },
        Object {
          "backgroundColor": "#b98661",
        },
      ]
    }
  />
  <View
    style={
      Array [
        Object {
          "height": 40,
          "width": 40,
        },
        Object {
          "backgroundColor": "#f4d9b7",
        },
      ]
    }
  />
  <View
    style={
      Array [
        Object {
          "height": 40,
          "width": 40,
        },
        Object {
          "backgroundColor": "#b98661",
        },
      ]
    }
  />
  <View
    style={
      Array [
        Object {
          "height": 40,
          "width": 40,
        },
        Object {
          "backgroundColor": "#f4d9b7",
        },
      ]
    }
  />
  <View
    style={
      Array [
        Object {
          "height": 40,
          "width": 40,
        },
        Object {
          "backgroundColor": "#b98661",
        },
      ]
    }
  />
  <View
    style={
      Array [
        Object {
          "height": 40,
          "width": 40,
        },
        Object {
          "backgroundColor": "#f4d9b7",
        },
      ]
    }
  />
  <View
    style={
      Array [
        Object {
          "height": 40,
          "width": 40,
        },
        Object {
          "backgroundColor": "#b98661",
        },
      ]
    }
  />
  <View
    style={
      Array [
        Object {
          "height": 40,
          "width": 40,
        },
        Object {
          "backgroundColor": "#b98661",
        },
      ]
    }
  />
  <View
    style={
      Array [
        Object {
          "height": 40,
          "width": 40,
        },
        Object {
          "backgroundColor": "#f4d9b7",
        },
      ]
    }
  />
  <View
    style={
      Array [
        Object {
          "height": 40,
          "width": 40,
        },
        Object {
          "backgroundColor": "#b98661",
        },
      ]
    }
  />
  <View
    style={
      Array [
        Object {
          "height": 40,
          "width": 40,
        },
        Object {
          "backgroundColor": "#f4d9b7",
        },
      ]
    }
  />
  <View
    style={
      Array [
        Object {
          "height": 40,
          "width": 40,
        },
        Object {
          "backgroundColor": "#b98661",
        },
      ]
    }
  />
  <View
    style={
      Array [
        Object {
          "height": 40,
          "width": 40,
        },
        Object {
          "backgroundColor": "#f4d9b7",
        },
      ]
    }
  />
  <View
    style={
      Array [
        Object {
          "height": 40,
          "width": 40,
        },
        Object {
          "backgroundColor": "#b98661",
        },
      ]
    }
  />
  <View
    style={
      Array [
        Object {
          "height": 40,
          "width": 40,
        },
        Object {
          "backgroundColor": "#f4d9b7",
        },
      ]
    }
  />
  <View
    style={
      Array [
        Object {
          "height": 40,
          "width": 40,
        },
        Object {
          "backgroundColor": "#f4d9b7",
        },
      ]
    }
  />
  <View
    style={
      Array [
        Object {
          "height": 40,
          "width": 40,
        },
        Object {
          "backgroundColor": "#b98661",
        },
      ]
    }
  />
  <View
    style={
      Array [
        Object {
          "height": 40,
          "width": 40,
        },
        Object {
          "backgroundColor": "#f4d9b7",
        },
      ]
    }
  />
  <View
    style={
      Array [
        Object {
          "height": 40,
          "width": 40,
        },
        Object {
          "backgroundColor": "#b98661",
        },
      ]
    }
  />
  <View
    style={
      Array [
        Object {
          "height": 40,
          "width": 40,
        },
        Object {
          "backgroundColor": "#f4d9b7",
        },
      ]
    }
  />
  <View
    style={
      Array [
        Object {
          "height": 40,
          "width": 40,
        },
        Object {
          "backgroundColor": "#b98661",
        },
      ]
    }
  />
  <View
    style={
      Array [
        Object {
          "height": 40,
          "width": 40,
        },
        Object {
          "backgroundColor": "#f4d9b7",
        },
      ]
    }
  />
  <View
    style={
      Array [
        Object {
          "height": 40,
          "width": 40,
        },
        Object {
          "backgroundColor": "#b98661",
        },
      ]
    }
  />
  <View
    style={
      Array [
        Object {
          "height": 40,
          "width": 40,
        },
        Object {
          "backgroundColor": "#b98661",
        },
      ]
    }
  />
  <View
    style={
      Array [
        Object {
          "height": 40,
          "width": 40,
        },
        Object {
          "backgroundColor": "#f4d9b7",
        },
      ]
    }
  />
  <View
    style={
      Array [
        Object {
          "height": 40,
          "width": 40,
        },
        Object {
          "backgroundColor": "#b98661",
        },
      ]
    }
  />
  <View
    style={
      Array [
        Object {
          "height": 40,
          "width": 40,
        },
        Object {
          "backgroundColor": "#f4d9b7",
        },
      ]
    }
  />
  <View
    style={
      Array [
        Object {
          "height": 40,
          "width": 40,
        },
        Object {
          "backgroundColor": "#b98661",
        },
      ]
    }
  />
  <View
    style={
      Array [
        Object {
          "height": 40,
          "width": 40,
        },
        Object {
          "backgroundColor": "#f4d9b7",
        },
      ]
    }
  />
  <View
    style={
      Array [
        Object {
          "height": 40,
          "width": 40,
        },
        Object {
          "backgroundColor": "#b98661",
        },
      ]
    }
  />
  <View
    style={
      Array [
        Object {
          "height": 40,
          "width": 40,
        },
        Object {
          "backgroundColor": "#f4d9b7",
        },
      ]
    }
  />
  <View
    style={
      Array [
        Object {
          "height": 40,
          "width": 40,
        },
        Object {
          "backgroundColor": "#f4d9b7",
        },
      ]
    }
  />
  <View
    style={
      Array [
        Object {
          "height": 40,
          "width": 40,
        },
        Object {
          "backgroundColor": "#b98661",
        },
      ]
    }
  />
  <View
    style={
      Array [
        Object {
          "height": 40,
          "width": 40,
        },
        Object {
          "backgroundColor": "#f4d9b7",
        },
      ]
    }
  />
  <View
    style={
      Array [
        Object {
          "height": 40,
          "width": 40,
        },
        Object {
          "backgroundColor": "#b98661",
        },
      ]
    }
  />
  <View
    style={
      Array [
        Object {
          "height": 40,
          "width": 40,
        },
        Object {
          "backgroundColor": "#f4d9b7",
        },
      ]
    }
  />
  <View
    style={
      Array [
        Object {
          "height": 40,
          "width": 40,
        },
        Object {
          "backgroundColor": "#b98661",
        },
      ]
    }
  />
  <View
    style={
      Array [
        Object {
          "height": 40,
          "width": 40,
        },
        Object {
          "backgroundColor": "#f4d9b7",
        },
      ]
    }
  />
  <View
    style={
      Array [
        Object {
          "height": 40,
          "width": 40,
        },
        Object {
          "backgroundColor": "#b98661",
        },
      ]
    }
  />
  <View
    style={
      Array [
        Object {
          "height": 40,
          "width": 40,
        },
        Object {
          "backgroundColor": "#b98661",
        },
      ]
    }
  />
  <View
    style={
      Array [
        Object {
          "height": 40,
          "width": 40,
        },
        Object {
          "backgroundColor": "#f4d9b7",
        },
      ]
    }
  />
  <View
    style={
      Array [
        Object {
          "height": 40,
          "width": 40,
        },
        Object {
          "backgroundColor": "#b98661",
        },
      ]
    }
  />
  <View
    style={
      Array [
        Object {
          "height": 40,
          "width": 40,
        },
        Object {
          "backgroundColor": "#f4d9b7",
        },
      ]
    }
  />
  <View
    style={
      Array [
        Object {
          "height": 40,
          "width": 40,
        },
        Object {
          "backgroundColor": "#b98661",
        },
      ]
    }
  />
  <View
    style={
      Array [
        Object {
          "height": 40,
          "width": 40,
        },
        Object {
          "backgroundColor": "#f4d9b7",
        },
      ]
    }
  />
  <View
    style={
      Array [
        Object {
          "height": 40,
          "width": 40,
        },
        Object {
          "backgroundColor": "#b98661",
        },
      ]
    }
  />
  <View
    style={
      Array [
        Object {
          "height": 40,
          "width": 40,
        },
        Object {
          "backgroundColor": "#f4d9b7",
        },
      ]
    }
  />
</View>
`;
